size 80x24
cursor row=15 col=2 visible=true shape=block blink=false
|                                                                                |
|                                                                                |
|                                                                                |
|                                                                                |
|                                                                                |
|                                                                                |
|                                                                                |
|                                                                                |
|                                                                                |
|                                                                                |
|                                                                                |
|                                                                                |
|                                                                                |
|                                                                                |
|a       b       c                                                               |
|1245                                                                            |
|                                                                                |
|                                                                                |
|                                                                                |
|bottom                                                                          |
|                                                                                |
|                                                                                |
|                                                                                |
|                                                                                |
styles
